../Core/Src/main.c:110:5:main	16	static
../Core/Src/main.c:245:6:SystemClock_Config	88	static
../Core/Src/main.c:292:13:MX_ADC1_Init	24	static
../Core/Src/main.c:348:13:MX_TIM3_Init	32	static
../Core/Src/main.c:393:13:MX_USART1_UART_Init	8	static
../Core/Src/main.c:424:13:MX_DMA_Init	16	static
../Core/Src/main.c:442:13:MX_GPIO_Init	32	static
../Core/Src/main.c:469:6:HAL_ADC_ConvCpltCallback	16	static
../Core/Src/main.c:475:6:HAL_ADC_ConvHalfCpltCallback	16	static
../Core/Src/main.c:480:6:HAL_UART_TxCpltCallback	16	static
../Core/Src/main.c:491:6:Error_Handler	4	static,ignoring_inline_asm
