../Core/Src/main.c:102:5:main	32	static
../Core/Src/main.c:205:6:SystemClock_Config	88	static
../Core/Src/main.c:252:13:MX_ADC1_Init	24	static
../Core/Src/main.c:308:13:MX_TIM3_Init	32	static
../Core/Src/main.c:353:13:MX_USART1_UART_Init	8	static
../Core/Src/main.c:384:13:MX_DMA_Init	16	static
../Core/Src/main.c:402:13:MX_GPIO_Init	32	static
../Core/Src/main.c:429:6:HAL_ADC_ConvCpltCallback	16	static
../Core/Src/main.c:434:6:HAL_UART_TxCpltCallback	16	static
../Core/Src/main.c:445:6:Error_Handler	4	static,ignoring_inline_asm
